<html>
<body>
<pre>
<h1>µVision Build Log</h1>
<h2>Tool Versions:</h2>
IDE-Version: µVision V5.24.2.0
Copyright (C) 2017 ARM Ltd and ARM Germany GmbH. All rights reserved.
License Information: UW Madison CAE Flex license: MDK-ARM Professional: 100 user(s) (mdk_pro) Operation stops: 13 Nov 2019
 
Tool Versions:
Toolchain:       MDK-ARM Professional: 100 user(s)  Version: 5.24.1
Toolchain Path:  C:\Keil_v5\ARM\ARMCC\Bin
C Compiler:      Armcc.exe V5.06 update 5 (build 528)
Assembler:       Armasm.exe V5.06 update 5 (build 528)
Linker/Locator:  ArmLink.exe V5.06 update 5 (build 528)
Library Manager: ArmAr.exe V5.06 update 5 (build 528)
Hex Converter:   FromElf.exe V5.06 update 5 (build 528)
CPU DLL:         
Dialog DLL:      DCM.DLL V1.16.0.0
Target DLL:      STLink\ST-LINKIII-KEIL_SWO.dll V3.0.1.0
Dialog DLL:      TCM.DLL V1.32.0.0
 
<h2>Project:</h2>
I:\ece315\Lab7\ECE315_Lab7.uvprojx
Project File Date:  04/15/2019

<h2>Output:</h2>
*** Using Compiler 'V5.06 update 5 (build 528)', folder: 'C:\Keil_v5\ARM\ARMCC\Bin'
Rebuild target 'ECE315_Lab7'
compiling main.cpp...
main.cpp(95): warning:  #177-D: variable "i"  was declared but never referenced
      int i;
main.cpp: 1 warning, 0 errors
linking...
Program Size: Code=29588 RO-data=2872 RW-data=92 ZI-data=2068  
".\BUILD\ECE315_blink_led.axf" - 0 Error(s), 1 Warning(s).

<h2>Software Packages used:</h2>

Package Vendor: Keil
                http://www.keil.com/pack/Keil.STM32F3xx_DFP.1.4.0.pack
                Keil.STM32F3xx_DFP.1.4.0
                STMicroelectronics STM32F3 Series Device Support and Examples

<h2>Collection of Component include folders:</h2>
  .\RTE\_ECE315_Lab7
  C:\Keil_v5\ARM\PACK\Keil\STM32F3xx_DFP\1.4.0\Device\Include

<h2>Collection of Component Files used:</h2>
Build Time Elapsed:  00:00:05
</pre>
</body>
</html>
